Eject media attached to a baremetal host

Usage:
  ejectmedia [flags]

Flags:
  -h, --help               help for ejectmedia
  -l, --labels string      Label(s) to filter desired baremetal host documents
      --name string        Name to filter desired baremetal host document
  -n, --namespace string   airshipctl phase that contains the desired baremetal host document(s)
      --timeout duration   timeout on baremetal action (default 10m0s)
