List life-cycle plans which were defined in document model.

Usage:
  list [flags]

Examples:

#list plan
airshipctl plan list

#list plan(yaml output format)
airshipctl plan list -o yaml

#list plan(table output format)
airshipctl plan list -o table

Flags:
  -h, --help            help for list
  -o, --output string   'table' and 'yaml' are available output formats (default "table")
