Error: accepts at most 1 arg(s), received 2
Usage:
  set-context NAME [flags]

Examples:

# Create a new context named "exampleContext"
airshipctl config set-context exampleContext \
  --manifest=exampleManifest \
  --encryption-config=exampleEncryptionConfig

# Update the manifest of the current-context
airshipctl config set-context \
  --current \
  --manifest=exampleManifest


Flags:
      --cluster-type string        set the cluster-type for the specified context
      --current                    update the current context
      --encryption-config string   set the encryption config for the specified context
  -h, --help                       help for set-context
      --manifest string            set the manifest for the specified context

