A unified entrypoint to various airship components

  Find more information at: https://docs.airshipit.org/airshipctl/

Usage:
  airshipctl [command]

Available Commands:
  baremetal   Airshipctl command to manage bare metal host(s)
  cluster     Airshipctl command to manage kubernetes clusters
  completion  Generate completion script for the specified shell (bash or zsh)
  config      Airshipctl command to manage airshipctl config file
  document    Manage deployment documents
  help        Help about any command
  phase       Airshipctl command to manage phases
  plan        Airshipctl command to manage plans
  secret      Airshipctl command to manage secrets
  version     Show the version number of airshipctl

Flags:
      --airshipconf string   Path to file for airshipctl configuration. (default "$HOME/.airship/config")
      --debug                enable verbose output
  -h, --help                 help for airshipctl

Use "airshipctl [command] --help" for more information about a command.
