A unified entrypoint to various airship components

  Find more information at: https://docs.airshipit.org/airshipctl/

