A unified entrypoint to various airship components

Usage:
  airshipctl [command]

Available Commands:
  baremetal   Airshipctl command to manage bare metal host(s)
  help        Help about any command

Flags:
      --airshipconf string   Path to file for airshipctl configuration. (default "$HOME/.airship/config")
      --debug                enable verbose output
  -h, --help                 help for airshipctl

Use "airshipctl [command] --help" for more information about a command.
