Run specific life-cycle phase such as ephemeral-control-plane, target-initinfra etc...

Usage:
  run PHASE_NAME [flags]

Examples:

# Run initinfra phase
airshipctl phase run ephemeral-control-plane


Flags:
      --dry-run                 simulate phase execution
  -h, --help                    help for run
      --kubeconfig string       Path to kubeconfig associated with site being managed
      --progress                show progress
      --wait-timeout duration   wait timeout
