Generates a secure encryption key or passphrase

Usage:
  encryptionkey [flags]

Flags:
  -h, --help   help for encryptionkey
