contextKubeconf: ContextFoo
managementConfiguration: ""
manifest: Manifest_ContextFoo

