contextKubeconf: ContextBar_ephemeral
managementConfiguration: ""
manifest: Manifest_ContextBar

contextKubeconf: ContextBaz_ephemeral
managementConfiguration: ""
manifest: Manifest_ContextBaz

contextKubeconf: ContextFoo_ephemeral
managementConfiguration: ""
manifest: Manifest_ContextFoo

