Context: ContextBaz
contextKubeconf: ContextBaz_ephemeral
managementConfiguration: ""
manifest: Manifest_ContextBaz


