decryptionKeyPath: /tmp/decryption.pub
encryptionKeyPath: /tmp/encryption.key

