Retrieve cluster kubeconfig and save it to file or stdout.

Usage:
  get-kubeconfig [cluster_name] [flags]

Examples:
# Retrieve target-cluster kubeconfig and print it to stdout
airshipctl cluster get-kubeconfig target-cluster


Flags:
  -h, --help   help for get-kubeconfig
