metadataPath: ""
phaseRepositoryName: bar_phase_repo
targetPath: bar_target_path

metadataPath: ""
phaseRepositoryName: baz_phase_repo
targetPath: baz_target_path

metadataPath: ""
phaseRepositoryName: foo_phase_repo
targetPath: foo_target_path

