metadataPath: ""
phaseRepositoryName: foo_phase_repo
subPath: ""
targetPath: foo_target_path

